<?php return array (
  0 => 
  array (
    'jobClassName' => 'Tests\\TestClasses\\Jobs\\CacheTestJobs\\StringTestJob',
    'commandSignature' => 'string-test {--myString=} {--anotherString=} {--queued}',
    'commandDescription' => 'This is the description',
  ),
);